2022-07-20T00:00:00,281 INFO {"za":"2309651787","channelId":"CNTCP1658275169768.3244947"}
2022-07-20T00:00:00,281 INFO {"za":"1769692185"}
2022-07-20T00:00:00,668 INFO {"za":"2338403035","zb":"A5100010150108DB32618B02019D07082431000000E23DCF3E05006C15","zc":"49.36.207.244:4556","zd":"1658275200"}
2022-07-20T00:00:00,668 INFO {"za":"1746972351","zb":"A5100010150103BFAE206802018BF1403820010000F453962A05005215","zc":"110.142.124.146:59400","zd":"1658275200"}
2022-07-20T00:00:00,668 INFO {"za":"1740023937"}
2022-07-20T00:00:01,804 INFO {"za":"2340306853","zb":"A5100010150109A53F7E8B0201503D0300430000003008D46205007515","zc":"124.253.131.44:14925","zd":"1658275200","flumeSendSec":"1658275201","zg":"01,09"}
2022-07-20T00:00:01,804 INFO {"za":"0519534775","zb":"A5100010150108B778F71E020131343E021A0000004F1199600500A215","zc":"117.236.110.98:24023","zd":"1658275200","flumeSendSec":"1658275201","zg":"01,08","zh":"47.88.8.200:10000","zi":5,"zj":"2","zk":"0","zl":"0","zm":"110502","zn":"2F5808C82710_62D74581_00000005","zo":"USTCP1658275191445.3861097","zp":true,"channelId":"USTCP1658275191445.3861097"}
2022-07-20T00:00:01,804 INFO {"za":"2314168504","zb":"A510001015010AB868EF8902017F9E10003500000002A7C66205001315","zc":"223.187.107.66:6755","zd":"1658275200","flumeSendSec":"1658275201","zg":"01,0A","zh":"47.88.8.200:10000","zi":5,"zj":"2","zk":"0","zl":"0","zm":"110502","zn":"2F5808C82710_62D74581_00000006","zo":"USTCP1658275181419.0737188","zp":true,"channelId":"USTCP1658275181419.0737188"}
2022-07-20T00:00:01,804 INFO {"za":"1766601888","zb":"A510001015010AA0344C6902019305423733000000ED3F952B05000115","zc":"117.206.220.28:59627","zd":"1658275200","flumeSendSec":"1658275201","zg":"01,0A","zh":"47.88.8.200:10000","zi":5,"zj":"2","zk":"0","zl":"0","zm":"110502","zn":"2F5808C82710_62D74581_00000007","zo":"USTCP1658275182590.9172727","zp":true,"channelId":"USTCP1658275182590.9172727"}
2022-07-20T00:00:02,561 INFO {"za":"2316851528","zb":"A51000101501034859188A020180441A08240000000001BD5A0500A615","zc":"49.36.205.33:9684","zd":"1658275201","flumeSendSec":"1658275202","zg":"01,03","zh":"47.88.8.200:10000","zi":5,"zj":"2","zk":"0","zl":"0","zm":"110502","zn":"2F5808C82710_62D74582_00000008","zo":"USTCP1658275196591.6665603","zp":true,"channelId":"USTCP1658275196591.6665603"}
2022-07-20T00:00:02,561 INFO {"za":"1742094003","zb":"A5100010150106B33ED6670201F13C3401390000009008A3610500A915","zc":"124.253.244.247:1391","zd":"1658275201","flumeSendSec":"1658275202","zg":"01,06","zh":"47.88.8.200:10000","zi":5,"zj":"2","zk":"0","zl":"0","zm":"110502","zn":"2F5808C82710_62D74582_00000009","zo":"USTCP1658275189963.9971456","zp":true,"channelId":"USTCP1658275189963.9971456"}
2022-07-20T00:00:02,561 INFO {"za":"0519534775","zb":"A5100010150109B778F71E020132343E021B0000004F1199600500A515","zc":"117.236.110.98:24023","zd":"1658275202","flumeSendSec":"1658275202","zg":"01,09","zh":"47.88.8.200:10000","zi":5,"zj":"2","zk":"0","zl":"0","zm":"110502","zn":"2F5808C82710_62D74582_0000000A","zo":"USTCP1658275191445.3861097","zp":true,"channelId":"USTCP1658275191445.3861097"}
2022-07-20T00:00:02,561 INFO {"za":"1733555998","zb":"A51000101501061EF753670201496C00003A01000037D9D66205004B15","zc":"14.191.110.214:14040","zd":"1658275202","flumeSendSec":"1658275202","zg":"01,06","zh":"47.88.8.200:10000","zi":5,"zj":"2","zk":"0","zl":"0","zm":"110502","zn":"2F5808C82710_62D74582_0000000B","zo":"USTCP1658275165574.8836609","zp":true,"channelId":"USTCP1658275165574.8836609"}
2022-07-20T00:00:02,561 INFO {"za":"1739855809","zb":"A510001015011CC117B4670201DE2F0A37D0010000A415CD2B05001D15","zc":"171.234.8.47:14257","zd":"1658275202","flumeSendSec":"1658275202","zg":"01,1C","zh":"47.88.8.200:10000","zi":5,"zj":"2","zk":"0","zl":"0","zm":"110502","zn":"2F5808C82710_62D74582_0000000C","zo":"USTCP1658274852104.1239101","zp":true,"channelId":"USTCP1658274852104.1239101"}
2022-07-20T00:00:02,561 INFO {"za":"0519114023","zb":"A510001015010F270DF11E020110394D0234000000720C8A600500C415","zc":"49.36.213.150:15520","zd":"1658275202","flumeSendSec":"1658275202","zg":"01,0F","zh":"47.88.8.200:10000","zi":5,"zj":"2","zk":"0","zl":"0","zm":"110502","zn":"2F5808C82710_62D74582_0000000D","zo":"USTCP1658275166356.8672030","zp":true,"channelId":"USTCP1658275166356.8672030"}